---
source: src/components/content_viewer.rs
expression: "format!(\"{:?}\", buffer)"
snapshot_kind: text
---
Buffer {
    area: Rect { x: 0, y: 0, width: 80, height: 24 },
    content: [
        "┌test.rs───────────────────────────────────────────────────────────────────────┐",
        "│                                                                              │",
        "│                                                                              │",
        "│                                                                              │",
        "│                                                                              │",
        "│                                                                              │",
        "│                                                                              │",
        "│                                                                              │",
        "│                                                                              │",
        "│                                                                              │",
        "│                                                                              │",
        "│                                                                              │",
        "│                                                                              │",
        "│                                                                              │",
        "│                                                                              │",
        "│                                                                              │",
        "│                                                                              │",
        "│                                                                              │",
        "│                                                                              │",
        "│                                                                              │",
        "│                                                                              │",
        "│                                                                              │",
        "│                                                                              │",
        "└──────────────────────────────────────────────────────────────────────────────┘",
    ],
    styles: [
        x: 0, y: 0, fg: Reset, bg: Reset, underline: Reset, modifier: NONE,
        x: 1, y: 0, fg: Reset, bg: Reset, underline: Reset, modifier: BOLD,
        x: 8, y: 0, fg: Reset, bg: Reset, underline: Reset, modifier: NONE,
    ]
}
