---
source: src/components/filter.rs
expression: "format!(\"{:?}\", buffer)"
snapshot_kind: text
---
Buffer {
    area: Rect { x: 0, y: 0, width: 40, height: 10 },
    content: [
        "┌Fuzzy Search──────────────────────────┐",
        "│test input                            │",
        "│                                      │",
        "│                                      │",
        "│                                      │",
        "│                                      │",
        "│                                      │",
        "│                                      │",
        "│                                      │",
        "└──────────────────────────────────────┘",
    ],
    styles: [
        x: 0, y: 0, fg: Red, bg: Reset, underline: Reset, modifier: NONE,
        x: 1, y: 1, fg: Reset, bg: Reset, underline: Reset, modifier: NONE,
        x: 39, y: 1, fg: Red, bg: Reset, underline: Reset, modifier: NONE,
        x: 1, y: 2, fg: Reset, bg: Reset, underline: Reset, modifier: NONE,
        x: 39, y: 2, fg: Red, bg: Reset, underline: Reset, modifier: NONE,
        x: 1, y: 3, fg: Reset, bg: Reset, underline: Reset, modifier: NONE,
        x: 39, y: 3, fg: Red, bg: Reset, underline: Reset, modifier: NONE,
        x: 1, y: 4, fg: Reset, bg: Reset, underline: Reset, modifier: NONE,
        x: 39, y: 4, fg: Red, bg: Reset, underline: Reset, modifier: NONE,
        x: 1, y: 5, fg: Reset, bg: Reset, underline: Reset, modifier: NONE,
        x: 39, y: 5, fg: Red, bg: Reset, underline: Reset, modifier: NONE,
        x: 1, y: 6, fg: Reset, bg: Reset, underline: Reset, modifier: NONE,
        x: 39, y: 6, fg: Red, bg: Reset, underline: Reset, modifier: NONE,
        x: 1, y: 7, fg: Reset, bg: Reset, underline: Reset, modifier: NONE,
        x: 39, y: 7, fg: Red, bg: Reset, underline: Reset, modifier: NONE,
        x: 1, y: 8, fg: Reset, bg: Reset, underline: Reset, modifier: NONE,
        x: 39, y: 8, fg: Red, bg: Reset, underline: Reset, modifier: NONE,
    ]
}
