---
source: src/components/help_modal.rs
expression: "format!(\"{:?}\", buffer)"
snapshot_kind: text
---
Buffer {
    area: Rect { x: 0, y: 0, width: 120, height: 40 },
    content: [
        "                                                                                                                        ",
        "                                                                                                                        ",
        "                                                                                                                        ",
        "                                                                                                                        ",
        "            ╔ Key Configuration Help ══════════════════════════════════════════════════════════════════════╗            ",
        "            ║Global Keys:                                                                                  ║            ",
        "            ║                                                                                              ║            ",
        "            ║Tab           Switch focus between panels                                                     ║            ",
        "            ║Ctrl+C        Exit gview                                                                      ║            ",
        "            ║<             Decrease left panel width                                                       ║            ",
        "            ║>             Increase left panel width                                                       ║            ",
        "            ║?             Show this help modal                                                            ║            ",
        "            ║ESC           Close help modal                                                                ║            ",
        "            ║                                                                                              ║            ",
        "            ║Filter Panel:                                                                                 ║            ",
        "            ║                                                                                              ║            ",
        "            ║Enter         Apply filter                                                                    ║            ",
        "            ║Ctrl+A        Select all text                                                                 ║            ",
        "            ║                                                                                              ║            ",
        "            ║File List Panel:                                                                              ║            ",
        "            ║                                                                                              ║            ",
        "            ║↑/↓, j/k      Navigate files                                                                  ║            ",
        "            ║Enter         Select file                                                                     ║            ",
        "            ║                                                                                              ║            ",
        "            ║Commit Panel:                                                                                 ║            ",
        "            ║                                                                                              ║            ",
        "            ║o             Open commit modal                                                               ║            ",
        "            ║                                                                                              ║            ",
        "            ║Content Viewer:                                                                               ║            ",
        "            ║                                                                                              ║            ",
        "            ║↑/↓, j/k      Scroll content vertically                                                       ║            ",
        "            ║←/→, h/l      Scroll content horizontally                                                     ║            ",
        "            ║b             Toggle blame view                                                               ║            ",
        "            ║n             Toggle line numbers                                                             ║            ",
        "            ║g             Go to GitHub (if available)                                                     ║            ",
        "            ╚══════════════════════════════════════════════════════════════════════════════════════════════╝            ",
        "                                                                                                                        ",
        "                                                                                                                        ",
        "                                                                                                                        ",
        "                                                                                                                        ",
    ],
    styles: [
        x: 0, y: 0, fg: Reset, bg: Reset, underline: Reset, modifier: NONE,
        x: 12, y: 4, fg: White, bg: Reset, underline: Reset, modifier: NONE,
        x: 108, y: 4, fg: Reset, bg: Reset, underline: Reset, modifier: NONE,
        x: 12, y: 5, fg: White, bg: Reset, underline: Reset, modifier: NONE,
        x: 13, y: 5, fg: Cyan, bg: Reset, underline: Reset, modifier: BOLD,
        x: 25, y: 5, fg: White, bg: Reset, underline: Reset, modifier: NONE,
        x: 108, y: 5, fg: Reset, bg: Reset, underline: Reset, modifier: NONE,
        x: 12, y: 6, fg: White, bg: Reset, underline: Reset, modifier: NONE,
        x: 108, y: 6, fg: Reset, bg: Reset, underline: Reset, modifier: NONE,
        x: 12, y: 7, fg: White, bg: Reset, underline: Reset, modifier: NONE,
        x: 13, y: 7, fg: Yellow, bg: Reset, underline: Reset, modifier: NONE,
        x: 25, y: 7, fg: White, bg: Reset, underline: Reset, modifier: NONE,
        x: 108, y: 7, fg: Reset, bg: Reset, underline: Reset, modifier: NONE,
        x: 12, y: 8, fg: White, bg: Reset, underline: Reset, modifier: NONE,
        x: 13, y: 8, fg: Yellow, bg: Reset, underline: Reset, modifier: NONE,
        x: 25, y: 8, fg: White, bg: Reset, underline: Reset, modifier: NONE,
        x: 108, y: 8, fg: Reset, bg: Reset, underline: Reset, modifier: NONE,
        x: 12, y: 9, fg: White, bg: Reset, underline: Reset, modifier: NONE,
        x: 13, y: 9, fg: Yellow, bg: Reset, underline: Reset, modifier: NONE,
        x: 25, y: 9, fg: White, bg: Reset, underline: Reset, modifier: NONE,
        x: 108, y: 9, fg: Reset, bg: Reset, underline: Reset, modifier: NONE,
        x: 12, y: 10, fg: White, bg: Reset, underline: Reset, modifier: NONE,
        x: 13, y: 10, fg: Yellow, bg: Reset, underline: Reset, modifier: NONE,
        x: 25, y: 10, fg: White, bg: Reset, underline: Reset, modifier: NONE,
        x: 108, y: 10, fg: Reset, bg: Reset, underline: Reset, modifier: NONE,
        x: 12, y: 11, fg: White, bg: Reset, underline: Reset, modifier: NONE,
        x: 13, y: 11, fg: Yellow, bg: Reset, underline: Reset, modifier: NONE,
        x: 25, y: 11, fg: White, bg: Reset, underline: Reset, modifier: NONE,
        x: 108, y: 11, fg: Reset, bg: Reset, underline: Reset, modifier: NONE,
        x: 12, y: 12, fg: White, bg: Reset, underline: Reset, modifier: NONE,
        x: 13, y: 12, fg: Yellow, bg: Reset, underline: Reset, modifier: NONE,
        x: 25, y: 12, fg: White, bg: Reset, underline: Reset, modifier: NONE,
        x: 108, y: 12, fg: Reset, bg: Reset, underline: Reset, modifier: NONE,
        x: 12, y: 13, fg: White, bg: Reset, underline: Reset, modifier: NONE,
        x: 108, y: 13, fg: Reset, bg: Reset, underline: Reset, modifier: NONE,
        x: 12, y: 14, fg: White, bg: Reset, underline: Reset, modifier: NONE,
        x: 13, y: 14, fg: Cyan, bg: Reset, underline: Reset, modifier: BOLD,
        x: 26, y: 14, fg: White, bg: Reset, underline: Reset, modifier: NONE,
        x: 108, y: 14, fg: Reset, bg: Reset, underline: Reset, modifier: NONE,
        x: 12, y: 15, fg: White, bg: Reset, underline: Reset, modifier: NONE,
        x: 108, y: 15, fg: Reset, bg: Reset, underline: Reset, modifier: NONE,
        x: 12, y: 16, fg: White, bg: Reset, underline: Reset, modifier: NONE,
        x: 13, y: 16, fg: Yellow, bg: Reset, underline: Reset, modifier: NONE,
        x: 25, y: 16, fg: White, bg: Reset, underline: Reset, modifier: NONE,
        x: 108, y: 16, fg: Reset, bg: Reset, underline: Reset, modifier: NONE,
        x: 12, y: 17, fg: White, bg: Reset, underline: Reset, modifier: NONE,
        x: 13, y: 17, fg: Yellow, bg: Reset, underline: Reset, modifier: NONE,
        x: 25, y: 17, fg: White, bg: Reset, underline: Reset, modifier: NONE,
        x: 108, y: 17, fg: Reset, bg: Reset, underline: Reset, modifier: NONE,
        x: 12, y: 18, fg: White, bg: Reset, underline: Reset, modifier: NONE,
        x: 108, y: 18, fg: Reset, bg: Reset, underline: Reset, modifier: NONE,
        x: 12, y: 19, fg: White, bg: Reset, underline: Reset, modifier: NONE,
        x: 13, y: 19, fg: Cyan, bg: Reset, underline: Reset, modifier: BOLD,
        x: 29, y: 19, fg: White, bg: Reset, underline: Reset, modifier: NONE,
        x: 108, y: 19, fg: Reset, bg: Reset, underline: Reset, modifier: NONE,
        x: 12, y: 20, fg: White, bg: Reset, underline: Reset, modifier: NONE,
        x: 108, y: 20, fg: Reset, bg: Reset, underline: Reset, modifier: NONE,
        x: 12, y: 21, fg: White, bg: Reset, underline: Reset, modifier: NONE,
        x: 13, y: 21, fg: Yellow, bg: Reset, underline: Reset, modifier: NONE,
        x: 25, y: 21, fg: White, bg: Reset, underline: Reset, modifier: NONE,
        x: 108, y: 21, fg: Reset, bg: Reset, underline: Reset, modifier: NONE,
        x: 12, y: 22, fg: White, bg: Reset, underline: Reset, modifier: NONE,
        x: 13, y: 22, fg: Yellow, bg: Reset, underline: Reset, modifier: NONE,
        x: 25, y: 22, fg: White, bg: Reset, underline: Reset, modifier: NONE,
        x: 108, y: 22, fg: Reset, bg: Reset, underline: Reset, modifier: NONE,
        x: 12, y: 23, fg: White, bg: Reset, underline: Reset, modifier: NONE,
        x: 108, y: 23, fg: Reset, bg: Reset, underline: Reset, modifier: NONE,
        x: 12, y: 24, fg: White, bg: Reset, underline: Reset, modifier: NONE,
        x: 13, y: 24, fg: Cyan, bg: Reset, underline: Reset, modifier: BOLD,
        x: 26, y: 24, fg: White, bg: Reset, underline: Reset, modifier: NONE,
        x: 108, y: 24, fg: Reset, bg: Reset, underline: Reset, modifier: NONE,
        x: 12, y: 25, fg: White, bg: Reset, underline: Reset, modifier: NONE,
        x: 108, y: 25, fg: Reset, bg: Reset, underline: Reset, modifier: NONE,
        x: 12, y: 26, fg: White, bg: Reset, underline: Reset, modifier: NONE,
        x: 13, y: 26, fg: Yellow, bg: Reset, underline: Reset, modifier: NONE,
        x: 25, y: 26, fg: White, bg: Reset, underline: Reset, modifier: NONE,
        x: 108, y: 26, fg: Reset, bg: Reset, underline: Reset, modifier: NONE,
        x: 12, y: 27, fg: White, bg: Reset, underline: Reset, modifier: NONE,
        x: 108, y: 27, fg: Reset, bg: Reset, underline: Reset, modifier: NONE,
        x: 12, y: 28, fg: White, bg: Reset, underline: Reset, modifier: NONE,
        x: 13, y: 28, fg: Cyan, bg: Reset, underline: Reset, modifier: BOLD,
        x: 28, y: 28, fg: White, bg: Reset, underline: Reset, modifier: NONE,
        x: 108, y: 28, fg: Reset, bg: Reset, underline: Reset, modifier: NONE,
        x: 12, y: 29, fg: White, bg: Reset, underline: Reset, modifier: NONE,
        x: 108, y: 29, fg: Reset, bg: Reset, underline: Reset, modifier: NONE,
        x: 12, y: 30, fg: White, bg: Reset, underline: Reset, modifier: NONE,
        x: 13, y: 30, fg: Yellow, bg: Reset, underline: Reset, modifier: NONE,
        x: 25, y: 30, fg: White, bg: Reset, underline: Reset, modifier: NONE,
        x: 108, y: 30, fg: Reset, bg: Reset, underline: Reset, modifier: NONE,
        x: 12, y: 31, fg: White, bg: Reset, underline: Reset, modifier: NONE,
        x: 13, y: 31, fg: Yellow, bg: Reset, underline: Reset, modifier: NONE,
        x: 25, y: 31, fg: White, bg: Reset, underline: Reset, modifier: NONE,
        x: 108, y: 31, fg: Reset, bg: Reset, underline: Reset, modifier: NONE,
        x: 12, y: 32, fg: White, bg: Reset, underline: Reset, modifier: NONE,
        x: 13, y: 32, fg: Yellow, bg: Reset, underline: Reset, modifier: NONE,
        x: 25, y: 32, fg: White, bg: Reset, underline: Reset, modifier: NONE,
        x: 108, y: 32, fg: Reset, bg: Reset, underline: Reset, modifier: NONE,
        x: 12, y: 33, fg: White, bg: Reset, underline: Reset, modifier: NONE,
        x: 13, y: 33, fg: Yellow, bg: Reset, underline: Reset, modifier: NONE,
        x: 25, y: 33, fg: White, bg: Reset, underline: Reset, modifier: NONE,
        x: 108, y: 33, fg: Reset, bg: Reset, underline: Reset, modifier: NONE,
        x: 12, y: 34, fg: White, bg: Reset, underline: Reset, modifier: NONE,
        x: 13, y: 34, fg: Yellow, bg: Reset, underline: Reset, modifier: NONE,
        x: 25, y: 34, fg: White, bg: Reset, underline: Reset, modifier: NONE,
        x: 108, y: 34, fg: Reset, bg: Reset, underline: Reset, modifier: NONE,
        x: 12, y: 35, fg: White, bg: Reset, underline: Reset, modifier: NONE,
        x: 108, y: 35, fg: Reset, bg: Reset, underline: Reset, modifier: NONE,
    ]
}
