---
source: src/components/commit_viewer.rs
expression: "format!(\"{:?}\", buffer)"
snapshot_kind: text
---
Buffer {
    area: Rect { x: 0, y: 0, width: 80, height: 24 },
    content: [
        "┌current commit────────────────────────────────────────────────────────────────┐",
        "│def789ghi012: Add new feature implementation                                  │",
        "│                                                                              │",
        "│                                                                              │",
        "│                                                                              │",
        "│                                                                              │",
        "│                                                                              │",
        "│                                                                              │",
        "│                                                                              │",
        "│                                                                              │",
        "│                                                                              │",
        "│                                                                              │",
        "│                                                                              │",
        "│                                                                              │",
        "│                                                                              │",
        "│                                                                              │",
        "│                                                                              │",
        "│                                                                              │",
        "│                                                                              │",
        "│                                                                              │",
        "│                                                                              │",
        "│                                                                              │",
        "│                                                                              │",
        "└──────────────────────────────────────────────────────────────────────────────┘",
    ],
    styles: [
        x: 0, y: 0, fg: DarkGray, bg: Reset, underline: Reset, modifier: NONE,
        x: 1, y: 0, fg: DarkGray, bg: Reset, underline: Reset, modifier: BOLD,
        x: 15, y: 0, fg: DarkGray, bg: Reset, underline: Reset, modifier: NONE,
    ]
}
