---
source: src/app.rs
expression: "format!(\"{:?}\", buffer)"
snapshot_kind: text
---
Buffer {
    area: Rect { x: 0, y: 0, width: 150, height: 50 },
    content: [
        "┌Partial Match────────┐┌current commit (g: go to commit)─────────────────────────────────────────────────────────────────────────────────────────────┐",
        "│                     ││46ec93ec8aaddb99d1075cf8b11782ee83c6bd8e: Initial commit                                                                     │",
        "└─────────────────────┘└─────────────────────────────────────────────────────────────────────────────────────────────────────────────────────────────┘",
        "┌1 files──────────────┐┌test.txt─────────────────────────────────────────────────────────────────────────────────────────────────────────────────────┐",
        "│>> test.txt          ││1 | Hello, world!                                                                                                            │",
        "│              ╔ Key Configuration Help ══════════════════════════════════════════════════════════════════════════════════════════════╗              │",
        "│              ║Global Keys:                                                                                                          ║              │",
        "│              ║                                                                                                                      ║              │",
        "│              ║Tab           Switch focus between panels                                                                             ║              │",
        "│              ║Ctrl+C        Exit gview                                                                                              ║              │",
        "│              ║<             Decrease left panel width                                                                               ║              │",
        "│              ║>             Increase left panel width                                                                               ║              │",
        "│              ║?             Show this help modal                                                                                    ║              │",
        "│              ║ESC           Close help modal                                                                                        ║              │",
        "│              ║                                                                                                                      ║              │",
        "│              ║Filter Panel:                                                                                                         ║              │",
        "│              ║                                                                                                                      ║              │",
        "│              ║Enter         Apply filter                                                                                            ║              │",
        "│              ║Ctrl+A        Select all text                                                                                         ║              │",
        "│              ║                                                                                                                      ║              │",
        "│              ║File List Panel:                                                                                                      ║              │",
        "│              ║                                                                                                                      ║              │",
        "│              ║↑/↓, j/k      Navigate files                                                                                          ║              │",
        "│              ║Enter         Select file                                                                                             ║              │",
        "│              ║                                                                                                                      ║              │",
        "│              ║Commit Panel:                                                                                                         ║              │",
        "│              ║                                                                                                                      ║              │",
        "│              ║o             Open commit modal                                                                                       ║              │",
        "│              ║                                                                                                                      ║              │",
        "│              ║Content Viewer:                                                                                                       ║              │",
        "│              ║                                                                                                                      ║              │",
        "│              ║↑/↓, j/k      Scroll content vertically                                                                               ║              │",
        "│              ║←/→, h/l      Scroll content horizontally                                                                             ║              │",
        "│              ║b             Toggle blame view                                                                                       ║              │",
        "│              ║n             Toggle line numbers                                                                                     ║              │",
        "│              ║g             Go to GitHub (if available)                                                                             ║              │",
        "│              ║                                                                                                                      ║              │",
        "│              ║                                                                                                                      ║              │",
        "│              ║Use ↑/↓ to scroll • Press ESC to close                                                                                ║              │",
        "│              ║                                                                                                                      ║              │",
        "│              ║                                                                                                                      ║              │",
        "│              ║                                                                                                                      ║              │",
        "│              ║                                                                                                                      ║              │",
        "│              ║                                                                                                                      ║              │",
        "│              ╚══════════════════════════════════════════════════════════════════════════════════════════════════════════════════════╝              │",
        "│                     ││                                                                                                                             │",
        "│                     ││                                                                                                                             │",
        "│                     ││                                                                                                                             │",
        "│                     ││                                                                                                                             │",
        "└─────────────────────┘└─────────────────────────────────────────────────────────────────────────────────────────────────────────────────────────────┘",
    ],
    styles: [
        x: 0, y: 0, fg: Blue, bg: Reset, underline: Reset, modifier: NONE,
        x: 23, y: 0, fg: DarkGray, bg: Reset, underline: Reset, modifier: NONE,
        x: 24, y: 0, fg: DarkGray, bg: Reset, underline: Reset, modifier: BOLD,
        x: 56, y: 0, fg: DarkGray, bg: Reset, underline: Reset, modifier: NONE,
        x: 0, y: 1, fg: Blue, bg: Reset, underline: Reset, modifier: NONE,
        x: 1, y: 1, fg: Reset, bg: Reset, underline: Reset, modifier: NONE,
        x: 22, y: 1, fg: Blue, bg: Reset, underline: Reset, modifier: NONE,
        x: 23, y: 1, fg: DarkGray, bg: Reset, underline: Reset, modifier: NONE,
        x: 0, y: 2, fg: Blue, bg: Reset, underline: Reset, modifier: NONE,
        x: 23, y: 2, fg: DarkGray, bg: Reset, underline: Reset, modifier: NONE,
        x: 0, y: 3, fg: Reset, bg: Reset, underline: Reset, modifier: NONE,
        x: 23, y: 3, fg: DarkGray, bg: Reset, underline: Reset, modifier: NONE,
        x: 24, y: 3, fg: DarkGray, bg: Reset, underline: Reset, modifier: BOLD,
        x: 32, y: 3, fg: DarkGray, bg: Reset, underline: Reset, modifier: NONE,
        x: 0, y: 4, fg: Reset, bg: Reset, underline: Reset, modifier: NONE,
        x: 1, y: 4, fg: DarkGray, bg: Reset, underline: Reset, modifier: NONE,
        x: 22, y: 4, fg: Reset, bg: Reset, underline: Reset, modifier: NONE,
        x: 23, y: 4, fg: DarkGray, bg: Reset, underline: Reset, modifier: NONE,
        x: 0, y: 5, fg: Reset, bg: Reset, underline: Reset, modifier: NONE,
        x: 1, y: 5, fg: DarkGray, bg: Reset, underline: Reset, modifier: NONE,
        x: 15, y: 5, fg: White, bg: Reset, underline: Reset, modifier: NONE,
        x: 135, y: 5, fg: DarkGray, bg: Reset, underline: Reset, modifier: NONE,
        x: 0, y: 6, fg: Reset, bg: Reset, underline: Reset, modifier: NONE,
        x: 1, y: 6, fg: DarkGray, bg: Reset, underline: Reset, modifier: NONE,
        x: 15, y: 6, fg: White, bg: Reset, underline: Reset, modifier: NONE,
        x: 16, y: 6, fg: Cyan, bg: Reset, underline: Reset, modifier: BOLD,
        x: 28, y: 6, fg: White, bg: Reset, underline: Reset, modifier: NONE,
        x: 135, y: 6, fg: DarkGray, bg: Reset, underline: Reset, modifier: NONE,
        x: 0, y: 7, fg: Reset, bg: Reset, underline: Reset, modifier: NONE,
        x: 1, y: 7, fg: DarkGray, bg: Reset, underline: Reset, modifier: NONE,
        x: 15, y: 7, fg: White, bg: Reset, underline: Reset, modifier: NONE,
        x: 135, y: 7, fg: DarkGray, bg: Reset, underline: Reset, modifier: NONE,
        x: 0, y: 8, fg: Reset, bg: Reset, underline: Reset, modifier: NONE,
        x: 1, y: 8, fg: DarkGray, bg: Reset, underline: Reset, modifier: NONE,
        x: 15, y: 8, fg: White, bg: Reset, underline: Reset, modifier: NONE,
        x: 16, y: 8, fg: Yellow, bg: Reset, underline: Reset, modifier: NONE,
        x: 28, y: 8, fg: White, bg: Reset, underline: Reset, modifier: NONE,
        x: 135, y: 8, fg: DarkGray, bg: Reset, underline: Reset, modifier: NONE,
        x: 0, y: 9, fg: Reset, bg: Reset, underline: Reset, modifier: NONE,
        x: 1, y: 9, fg: DarkGray, bg: Reset, underline: Reset, modifier: NONE,
        x: 15, y: 9, fg: White, bg: Reset, underline: Reset, modifier: NONE,
        x: 16, y: 9, fg: Yellow, bg: Reset, underline: Reset, modifier: NONE,
        x: 28, y: 9, fg: White, bg: Reset, underline: Reset, modifier: NONE,
        x: 135, y: 9, fg: DarkGray, bg: Reset, underline: Reset, modifier: NONE,
        x: 0, y: 10, fg: Reset, bg: Reset, underline: Reset, modifier: NONE,
        x: 1, y: 10, fg: DarkGray, bg: Reset, underline: Reset, modifier: NONE,
        x: 15, y: 10, fg: White, bg: Reset, underline: Reset, modifier: NONE,
        x: 16, y: 10, fg: Yellow, bg: Reset, underline: Reset, modifier: NONE,
        x: 28, y: 10, fg: White, bg: Reset, underline: Reset, modifier: NONE,
        x: 135, y: 10, fg: DarkGray, bg: Reset, underline: Reset, modifier: NONE,
        x: 0, y: 11, fg: Reset, bg: Reset, underline: Reset, modifier: NONE,
        x: 1, y: 11, fg: DarkGray, bg: Reset, underline: Reset, modifier: NONE,
        x: 15, y: 11, fg: White, bg: Reset, underline: Reset, modifier: NONE,
        x: 16, y: 11, fg: Yellow, bg: Reset, underline: Reset, modifier: NONE,
        x: 28, y: 11, fg: White, bg: Reset, underline: Reset, modifier: NONE,
        x: 135, y: 11, fg: DarkGray, bg: Reset, underline: Reset, modifier: NONE,
        x: 0, y: 12, fg: Reset, bg: Reset, underline: Reset, modifier: NONE,
        x: 1, y: 12, fg: DarkGray, bg: Reset, underline: Reset, modifier: NONE,
        x: 15, y: 12, fg: White, bg: Reset, underline: Reset, modifier: NONE,
        x: 16, y: 12, fg: Yellow, bg: Reset, underline: Reset, modifier: NONE,
        x: 28, y: 12, fg: White, bg: Reset, underline: Reset, modifier: NONE,
        x: 135, y: 12, fg: DarkGray, bg: Reset, underline: Reset, modifier: NONE,
        x: 0, y: 13, fg: Reset, bg: Reset, underline: Reset, modifier: NONE,
        x: 1, y: 13, fg: DarkGray, bg: Reset, underline: Reset, modifier: NONE,
        x: 15, y: 13, fg: White, bg: Reset, underline: Reset, modifier: NONE,
        x: 16, y: 13, fg: Yellow, bg: Reset, underline: Reset, modifier: NONE,
        x: 28, y: 13, fg: White, bg: Reset, underline: Reset, modifier: NONE,
        x: 135, y: 13, fg: DarkGray, bg: Reset, underline: Reset, modifier: NONE,
        x: 0, y: 14, fg: Reset, bg: Reset, underline: Reset, modifier: NONE,
        x: 1, y: 14, fg: DarkGray, bg: Reset, underline: Reset, modifier: NONE,
        x: 15, y: 14, fg: White, bg: Reset, underline: Reset, modifier: NONE,
        x: 135, y: 14, fg: DarkGray, bg: Reset, underline: Reset, modifier: NONE,
        x: 0, y: 15, fg: Reset, bg: Reset, underline: Reset, modifier: NONE,
        x: 1, y: 15, fg: DarkGray, bg: Reset, underline: Reset, modifier: NONE,
        x: 15, y: 15, fg: White, bg: Reset, underline: Reset, modifier: NONE,
        x: 16, y: 15, fg: Cyan, bg: Reset, underline: Reset, modifier: BOLD,
        x: 29, y: 15, fg: White, bg: Reset, underline: Reset, modifier: NONE,
        x: 135, y: 15, fg: DarkGray, bg: Reset, underline: Reset, modifier: NONE,
        x: 0, y: 16, fg: Reset, bg: Reset, underline: Reset, modifier: NONE,
        x: 1, y: 16, fg: DarkGray, bg: Reset, underline: Reset, modifier: NONE,
        x: 15, y: 16, fg: White, bg: Reset, underline: Reset, modifier: NONE,
        x: 135, y: 16, fg: DarkGray, bg: Reset, underline: Reset, modifier: NONE,
        x: 0, y: 17, fg: Reset, bg: Reset, underline: Reset, modifier: NONE,
        x: 1, y: 17, fg: DarkGray, bg: Reset, underline: Reset, modifier: NONE,
        x: 15, y: 17, fg: White, bg: Reset, underline: Reset, modifier: NONE,
        x: 16, y: 17, fg: Yellow, bg: Reset, underline: Reset, modifier: NONE,
        x: 28, y: 17, fg: White, bg: Reset, underline: Reset, modifier: NONE,
        x: 135, y: 17, fg: DarkGray, bg: Reset, underline: Reset, modifier: NONE,
        x: 0, y: 18, fg: Reset, bg: Reset, underline: Reset, modifier: NONE,
        x: 1, y: 18, fg: DarkGray, bg: Reset, underline: Reset, modifier: NONE,
        x: 15, y: 18, fg: White, bg: Reset, underline: Reset, modifier: NONE,
        x: 16, y: 18, fg: Yellow, bg: Reset, underline: Reset, modifier: NONE,
        x: 28, y: 18, fg: White, bg: Reset, underline: Reset, modifier: NONE,
        x: 135, y: 18, fg: DarkGray, bg: Reset, underline: Reset, modifier: NONE,
        x: 0, y: 19, fg: Reset, bg: Reset, underline: Reset, modifier: NONE,
        x: 1, y: 19, fg: DarkGray, bg: Reset, underline: Reset, modifier: NONE,
        x: 15, y: 19, fg: White, bg: Reset, underline: Reset, modifier: NONE,
        x: 135, y: 19, fg: DarkGray, bg: Reset, underline: Reset, modifier: NONE,
        x: 0, y: 20, fg: Reset, bg: Reset, underline: Reset, modifier: NONE,
        x: 1, y: 20, fg: DarkGray, bg: Reset, underline: Reset, modifier: NONE,
        x: 15, y: 20, fg: White, bg: Reset, underline: Reset, modifier: NONE,
        x: 16, y: 20, fg: Cyan, bg: Reset, underline: Reset, modifier: BOLD,
        x: 32, y: 20, fg: White, bg: Reset, underline: Reset, modifier: NONE,
        x: 135, y: 20, fg: DarkGray, bg: Reset, underline: Reset, modifier: NONE,
        x: 0, y: 21, fg: Reset, bg: Reset, underline: Reset, modifier: NONE,
        x: 1, y: 21, fg: DarkGray, bg: Reset, underline: Reset, modifier: NONE,
        x: 15, y: 21, fg: White, bg: Reset, underline: Reset, modifier: NONE,
        x: 135, y: 21, fg: DarkGray, bg: Reset, underline: Reset, modifier: NONE,
        x: 0, y: 22, fg: Reset, bg: Reset, underline: Reset, modifier: NONE,
        x: 1, y: 22, fg: DarkGray, bg: Reset, underline: Reset, modifier: NONE,
        x: 15, y: 22, fg: White, bg: Reset, underline: Reset, modifier: NONE,
        x: 16, y: 22, fg: Yellow, bg: Reset, underline: Reset, modifier: NONE,
        x: 28, y: 22, fg: White, bg: Reset, underline: Reset, modifier: NONE,
        x: 135, y: 22, fg: DarkGray, bg: Reset, underline: Reset, modifier: NONE,
        x: 0, y: 23, fg: Reset, bg: Reset, underline: Reset, modifier: NONE,
        x: 1, y: 23, fg: DarkGray, bg: Reset, underline: Reset, modifier: NONE,
        x: 15, y: 23, fg: White, bg: Reset, underline: Reset, modifier: NONE,
        x: 16, y: 23, fg: Yellow, bg: Reset, underline: Reset, modifier: NONE,
        x: 28, y: 23, fg: White, bg: Reset, underline: Reset, modifier: NONE,
        x: 135, y: 23, fg: DarkGray, bg: Reset, underline: Reset, modifier: NONE,
        x: 0, y: 24, fg: Reset, bg: Reset, underline: Reset, modifier: NONE,
        x: 1, y: 24, fg: DarkGray, bg: Reset, underline: Reset, modifier: NONE,
        x: 15, y: 24, fg: White, bg: Reset, underline: Reset, modifier: NONE,
        x: 135, y: 24, fg: DarkGray, bg: Reset, underline: Reset, modifier: NONE,
        x: 0, y: 25, fg: Reset, bg: Reset, underline: Reset, modifier: NONE,
        x: 1, y: 25, fg: DarkGray, bg: Reset, underline: Reset, modifier: NONE,
        x: 15, y: 25, fg: White, bg: Reset, underline: Reset, modifier: NONE,
        x: 16, y: 25, fg: Cyan, bg: Reset, underline: Reset, modifier: BOLD,
        x: 29, y: 25, fg: White, bg: Reset, underline: Reset, modifier: NONE,
        x: 135, y: 25, fg: DarkGray, bg: Reset, underline: Reset, modifier: NONE,
        x: 0, y: 26, fg: Reset, bg: Reset, underline: Reset, modifier: NONE,
        x: 1, y: 26, fg: DarkGray, bg: Reset, underline: Reset, modifier: NONE,
        x: 15, y: 26, fg: White, bg: Reset, underline: Reset, modifier: NONE,
        x: 135, y: 26, fg: DarkGray, bg: Reset, underline: Reset, modifier: NONE,
        x: 0, y: 27, fg: Reset, bg: Reset, underline: Reset, modifier: NONE,
        x: 1, y: 27, fg: DarkGray, bg: Reset, underline: Reset, modifier: NONE,
        x: 15, y: 27, fg: White, bg: Reset, underline: Reset, modifier: NONE,
        x: 16, y: 27, fg: Yellow, bg: Reset, underline: Reset, modifier: NONE,
        x: 28, y: 27, fg: White, bg: Reset, underline: Reset, modifier: NONE,
        x: 135, y: 27, fg: DarkGray, bg: Reset, underline: Reset, modifier: NONE,
        x: 0, y: 28, fg: Reset, bg: Reset, underline: Reset, modifier: NONE,
        x: 1, y: 28, fg: DarkGray, bg: Reset, underline: Reset, modifier: NONE,
        x: 15, y: 28, fg: White, bg: Reset, underline: Reset, modifier: NONE,
        x: 135, y: 28, fg: DarkGray, bg: Reset, underline: Reset, modifier: NONE,
        x: 0, y: 29, fg: Reset, bg: Reset, underline: Reset, modifier: NONE,
        x: 1, y: 29, fg: DarkGray, bg: Reset, underline: Reset, modifier: NONE,
        x: 15, y: 29, fg: White, bg: Reset, underline: Reset, modifier: NONE,
        x: 16, y: 29, fg: Cyan, bg: Reset, underline: Reset, modifier: BOLD,
        x: 31, y: 29, fg: White, bg: Reset, underline: Reset, modifier: NONE,
        x: 135, y: 29, fg: DarkGray, bg: Reset, underline: Reset, modifier: NONE,
        x: 0, y: 30, fg: Reset, bg: Reset, underline: Reset, modifier: NONE,
        x: 1, y: 30, fg: DarkGray, bg: Reset, underline: Reset, modifier: NONE,
        x: 15, y: 30, fg: White, bg: Reset, underline: Reset, modifier: NONE,
        x: 135, y: 30, fg: DarkGray, bg: Reset, underline: Reset, modifier: NONE,
        x: 0, y: 31, fg: Reset, bg: Reset, underline: Reset, modifier: NONE,
        x: 1, y: 31, fg: DarkGray, bg: Reset, underline: Reset, modifier: NONE,
        x: 15, y: 31, fg: White, bg: Reset, underline: Reset, modifier: NONE,
        x: 16, y: 31, fg: Yellow, bg: Reset, underline: Reset, modifier: NONE,
        x: 28, y: 31, fg: White, bg: Reset, underline: Reset, modifier: NONE,
        x: 135, y: 31, fg: DarkGray, bg: Reset, underline: Reset, modifier: NONE,
        x: 0, y: 32, fg: Reset, bg: Reset, underline: Reset, modifier: NONE,
        x: 1, y: 32, fg: DarkGray, bg: Reset, underline: Reset, modifier: NONE,
        x: 15, y: 32, fg: White, bg: Reset, underline: Reset, modifier: NONE,
        x: 16, y: 32, fg: Yellow, bg: Reset, underline: Reset, modifier: NONE,
        x: 28, y: 32, fg: White, bg: Reset, underline: Reset, modifier: NONE,
        x: 135, y: 32, fg: DarkGray, bg: Reset, underline: Reset, modifier: NONE,
        x: 0, y: 33, fg: Reset, bg: Reset, underline: Reset, modifier: NONE,
        x: 1, y: 33, fg: DarkGray, bg: Reset, underline: Reset, modifier: NONE,
        x: 15, y: 33, fg: White, bg: Reset, underline: Reset, modifier: NONE,
        x: 16, y: 33, fg: Yellow, bg: Reset, underline: Reset, modifier: NONE,
        x: 28, y: 33, fg: White, bg: Reset, underline: Reset, modifier: NONE,
        x: 135, y: 33, fg: DarkGray, bg: Reset, underline: Reset, modifier: NONE,
        x: 0, y: 34, fg: Reset, bg: Reset, underline: Reset, modifier: NONE,
        x: 1, y: 34, fg: DarkGray, bg: Reset, underline: Reset, modifier: NONE,
        x: 15, y: 34, fg: White, bg: Reset, underline: Reset, modifier: NONE,
        x: 16, y: 34, fg: Yellow, bg: Reset, underline: Reset, modifier: NONE,
        x: 28, y: 34, fg: White, bg: Reset, underline: Reset, modifier: NONE,
        x: 135, y: 34, fg: DarkGray, bg: Reset, underline: Reset, modifier: NONE,
        x: 0, y: 35, fg: Reset, bg: Reset, underline: Reset, modifier: NONE,
        x: 1, y: 35, fg: DarkGray, bg: Reset, underline: Reset, modifier: NONE,
        x: 15, y: 35, fg: White, bg: Reset, underline: Reset, modifier: NONE,
        x: 16, y: 35, fg: Yellow, bg: Reset, underline: Reset, modifier: NONE,
        x: 28, y: 35, fg: White, bg: Reset, underline: Reset, modifier: NONE,
        x: 135, y: 35, fg: DarkGray, bg: Reset, underline: Reset, modifier: NONE,
        x: 0, y: 36, fg: Reset, bg: Reset, underline: Reset, modifier: NONE,
        x: 1, y: 36, fg: DarkGray, bg: Reset, underline: Reset, modifier: NONE,
        x: 15, y: 36, fg: White, bg: Reset, underline: Reset, modifier: NONE,
        x: 135, y: 36, fg: DarkGray, bg: Reset, underline: Reset, modifier: NONE,
        x: 0, y: 37, fg: Reset, bg: Reset, underline: Reset, modifier: NONE,
        x: 1, y: 37, fg: DarkGray, bg: Reset, underline: Reset, modifier: NONE,
        x: 15, y: 37, fg: White, bg: Reset, underline: Reset, modifier: NONE,
        x: 135, y: 37, fg: DarkGray, bg: Reset, underline: Reset, modifier: NONE,
        x: 0, y: 38, fg: Reset, bg: Reset, underline: Reset, modifier: NONE,
        x: 1, y: 38, fg: DarkGray, bg: Reset, underline: Reset, modifier: NONE,
        x: 15, y: 38, fg: White, bg: Reset, underline: Reset, modifier: NONE,
        x: 16, y: 38, fg: Gray, bg: Reset, underline: Reset, modifier: NONE,
        x: 20, y: 38, fg: Yellow, bg: Reset, underline: Reset, modifier: NONE,
        x: 23, y: 38, fg: Gray, bg: Reset, underline: Reset, modifier: NONE,
        x: 42, y: 38, fg: Yellow, bg: Reset, underline: Reset, modifier: NONE,
        x: 45, y: 38, fg: Gray, bg: Reset, underline: Reset, modifier: NONE,
        x: 54, y: 38, fg: White, bg: Reset, underline: Reset, modifier: NONE,
        x: 135, y: 38, fg: DarkGray, bg: Reset, underline: Reset, modifier: NONE,
        x: 0, y: 39, fg: Reset, bg: Reset, underline: Reset, modifier: NONE,
        x: 1, y: 39, fg: DarkGray, bg: Reset, underline: Reset, modifier: NONE,
        x: 15, y: 39, fg: White, bg: Reset, underline: Reset, modifier: NONE,
        x: 135, y: 39, fg: DarkGray, bg: Reset, underline: Reset, modifier: NONE,
        x: 0, y: 40, fg: Reset, bg: Reset, underline: Reset, modifier: NONE,
        x: 1, y: 40, fg: DarkGray, bg: Reset, underline: Reset, modifier: NONE,
        x: 15, y: 40, fg: White, bg: Reset, underline: Reset, modifier: NONE,
        x: 135, y: 40, fg: DarkGray, bg: Reset, underline: Reset, modifier: NONE,
        x: 0, y: 41, fg: Reset, bg: Reset, underline: Reset, modifier: NONE,
        x: 1, y: 41, fg: DarkGray, bg: Reset, underline: Reset, modifier: NONE,
        x: 15, y: 41, fg: White, bg: Reset, underline: Reset, modifier: NONE,
        x: 135, y: 41, fg: DarkGray, bg: Reset, underline: Reset, modifier: NONE,
        x: 0, y: 42, fg: Reset, bg: Reset, underline: Reset, modifier: NONE,
        x: 1, y: 42, fg: DarkGray, bg: Reset, underline: Reset, modifier: NONE,
        x: 15, y: 42, fg: White, bg: Reset, underline: Reset, modifier: NONE,
        x: 135, y: 42, fg: DarkGray, bg: Reset, underline: Reset, modifier: NONE,
        x: 0, y: 43, fg: Reset, bg: Reset, underline: Reset, modifier: NONE,
        x: 1, y: 43, fg: DarkGray, bg: Reset, underline: Reset, modifier: NONE,
        x: 15, y: 43, fg: White, bg: Reset, underline: Reset, modifier: NONE,
        x: 135, y: 43, fg: DarkGray, bg: Reset, underline: Reset, modifier: NONE,
        x: 0, y: 44, fg: Reset, bg: Reset, underline: Reset, modifier: NONE,
        x: 1, y: 44, fg: DarkGray, bg: Reset, underline: Reset, modifier: NONE,
        x: 15, y: 44, fg: White, bg: Reset, underline: Reset, modifier: NONE,
        x: 135, y: 44, fg: DarkGray, bg: Reset, underline: Reset, modifier: NONE,
        x: 0, y: 45, fg: Reset, bg: Reset, underline: Reset, modifier: NONE,
        x: 1, y: 45, fg: DarkGray, bg: Reset, underline: Reset, modifier: NONE,
        x: 22, y: 45, fg: Reset, bg: Reset, underline: Reset, modifier: NONE,
        x: 23, y: 45, fg: DarkGray, bg: Reset, underline: Reset, modifier: NONE,
        x: 0, y: 46, fg: Reset, bg: Reset, underline: Reset, modifier: NONE,
        x: 1, y: 46, fg: DarkGray, bg: Reset, underline: Reset, modifier: NONE,
        x: 22, y: 46, fg: Reset, bg: Reset, underline: Reset, modifier: NONE,
        x: 23, y: 46, fg: DarkGray, bg: Reset, underline: Reset, modifier: NONE,
        x: 0, y: 47, fg: Reset, bg: Reset, underline: Reset, modifier: NONE,
        x: 1, y: 47, fg: DarkGray, bg: Reset, underline: Reset, modifier: NONE,
        x: 22, y: 47, fg: Reset, bg: Reset, underline: Reset, modifier: NONE,
        x: 23, y: 47, fg: DarkGray, bg: Reset, underline: Reset, modifier: NONE,
        x: 0, y: 48, fg: Reset, bg: Reset, underline: Reset, modifier: NONE,
        x: 1, y: 48, fg: DarkGray, bg: Reset, underline: Reset, modifier: NONE,
        x: 22, y: 48, fg: Reset, bg: Reset, underline: Reset, modifier: NONE,
        x: 23, y: 48, fg: DarkGray, bg: Reset, underline: Reset, modifier: NONE,
        x: 0, y: 49, fg: Reset, bg: Reset, underline: Reset, modifier: NONE,
        x: 23, y: 49, fg: DarkGray, bg: Reset, underline: Reset, modifier: NONE,
    ]
}
