---
source: src/app.rs
expression: "format!(\"{:?}\", buffer)"
snapshot_kind: text
---
Buffer {
    area: Rect { x: 0, y: 0, width: 80, height: 24 },
    content: [
        "┌Partial Ma┐┌current commit (g: go to commit)──────────────────────────────────┐",
        "│          ││46ec93ec8aaddb99d1075cf8b11782ee83c6bd8e: Initial commit          │",
        "└───────╔ Key Configuration Help ══════════════════════════════════════╗───────┘",
        "┌1 files║Global Keys:                                                  ║───────┐",
        "│>> test║                                                              ║       │",
        "│       ║Tab           Switch focus between panels                     ║       │",
        "│       ║Ctrl+C        Exit gview                                      ║       │",
        "│       ║<             Decrease left panel width                       ║       │",
        "│       ║>             Increase left panel width                       ║       │",
        "│       ║?             Show this help modal                            ║       │",
        "│       ║ESC           Close help modal                                ║       │",
        "│       ║                                                              ║       │",
        "│       ║Filter Panel:                                                 ║       │",
        "│       ║                                                              ║       │",
        "│       ║Enter         Apply filter                                    ║       │",
        "│       ║Ctrl+A        Select all text                                 ║       │",
        "│       ║                                                              ║       │",
        "│       ║File List Panel:                                              ║       │",
        "│       ║                                                              ║       │",
        "│       ║↑/↓, j/k      Navigate files                                  ║       │",
        "│       ║Enter         Select file                                     ║       │",
        "│       ╚══════════════════════════════════════════════════════════════╝       │",
        "│          ││                                                                  │",
        "└──────────┘└──────────────────────────────────────────────────────────────────┘",
    ],
    styles: [
        x: 0, y: 0, fg: Blue, bg: Reset, underline: Reset, modifier: NONE,
        x: 12, y: 0, fg: DarkGray, bg: Reset, underline: Reset, modifier: NONE,
        x: 13, y: 0, fg: DarkGray, bg: Reset, underline: Reset, modifier: BOLD,
        x: 45, y: 0, fg: DarkGray, bg: Reset, underline: Reset, modifier: NONE,
        x: 0, y: 1, fg: Blue, bg: Reset, underline: Reset, modifier: NONE,
        x: 1, y: 1, fg: Reset, bg: Reset, underline: Reset, modifier: NONE,
        x: 11, y: 1, fg: Blue, bg: Reset, underline: Reset, modifier: NONE,
        x: 12, y: 1, fg: DarkGray, bg: Reset, underline: Reset, modifier: NONE,
        x: 0, y: 2, fg: Blue, bg: Reset, underline: Reset, modifier: NONE,
        x: 8, y: 2, fg: White, bg: Reset, underline: Reset, modifier: NONE,
        x: 72, y: 2, fg: DarkGray, bg: Reset, underline: Reset, modifier: NONE,
        x: 0, y: 3, fg: Reset, bg: Reset, underline: Reset, modifier: NONE,
        x: 8, y: 3, fg: White, bg: Reset, underline: Reset, modifier: NONE,
        x: 9, y: 3, fg: Cyan, bg: Reset, underline: Reset, modifier: BOLD,
        x: 21, y: 3, fg: White, bg: Reset, underline: Reset, modifier: NONE,
        x: 72, y: 3, fg: DarkGray, bg: Reset, underline: Reset, modifier: NONE,
        x: 0, y: 4, fg: Reset, bg: Reset, underline: Reset, modifier: NONE,
        x: 1, y: 4, fg: DarkGray, bg: Reset, underline: Reset, modifier: NONE,
        x: 8, y: 4, fg: White, bg: Reset, underline: Reset, modifier: NONE,
        x: 72, y: 4, fg: DarkGray, bg: Reset, underline: Reset, modifier: NONE,
        x: 0, y: 5, fg: Reset, bg: Reset, underline: Reset, modifier: NONE,
        x: 1, y: 5, fg: DarkGray, bg: Reset, underline: Reset, modifier: NONE,
        x: 8, y: 5, fg: White, bg: Reset, underline: Reset, modifier: NONE,
        x: 9, y: 5, fg: Yellow, bg: Reset, underline: Reset, modifier: NONE,
        x: 21, y: 5, fg: White, bg: Reset, underline: Reset, modifier: NONE,
        x: 72, y: 5, fg: DarkGray, bg: Reset, underline: Reset, modifier: NONE,
        x: 0, y: 6, fg: Reset, bg: Reset, underline: Reset, modifier: NONE,
        x: 1, y: 6, fg: DarkGray, bg: Reset, underline: Reset, modifier: NONE,
        x: 8, y: 6, fg: White, bg: Reset, underline: Reset, modifier: NONE,
        x: 9, y: 6, fg: Yellow, bg: Reset, underline: Reset, modifier: NONE,
        x: 21, y: 6, fg: White, bg: Reset, underline: Reset, modifier: NONE,
        x: 72, y: 6, fg: DarkGray, bg: Reset, underline: Reset, modifier: NONE,
        x: 0, y: 7, fg: Reset, bg: Reset, underline: Reset, modifier: NONE,
        x: 1, y: 7, fg: DarkGray, bg: Reset, underline: Reset, modifier: NONE,
        x: 8, y: 7, fg: White, bg: Reset, underline: Reset, modifier: NONE,
        x: 9, y: 7, fg: Yellow, bg: Reset, underline: Reset, modifier: NONE,
        x: 21, y: 7, fg: White, bg: Reset, underline: Reset, modifier: NONE,
        x: 72, y: 7, fg: DarkGray, bg: Reset, underline: Reset, modifier: NONE,
        x: 0, y: 8, fg: Reset, bg: Reset, underline: Reset, modifier: NONE,
        x: 1, y: 8, fg: DarkGray, bg: Reset, underline: Reset, modifier: NONE,
        x: 8, y: 8, fg: White, bg: Reset, underline: Reset, modifier: NONE,
        x: 9, y: 8, fg: Yellow, bg: Reset, underline: Reset, modifier: NONE,
        x: 21, y: 8, fg: White, bg: Reset, underline: Reset, modifier: NONE,
        x: 72, y: 8, fg: DarkGray, bg: Reset, underline: Reset, modifier: NONE,
        x: 0, y: 9, fg: Reset, bg: Reset, underline: Reset, modifier: NONE,
        x: 1, y: 9, fg: DarkGray, bg: Reset, underline: Reset, modifier: NONE,
        x: 8, y: 9, fg: White, bg: Reset, underline: Reset, modifier: NONE,
        x: 9, y: 9, fg: Yellow, bg: Reset, underline: Reset, modifier: NONE,
        x: 21, y: 9, fg: White, bg: Reset, underline: Reset, modifier: NONE,
        x: 72, y: 9, fg: DarkGray, bg: Reset, underline: Reset, modifier: NONE,
        x: 0, y: 10, fg: Reset, bg: Reset, underline: Reset, modifier: NONE,
        x: 1, y: 10, fg: DarkGray, bg: Reset, underline: Reset, modifier: NONE,
        x: 8, y: 10, fg: White, bg: Reset, underline: Reset, modifier: NONE,
        x: 9, y: 10, fg: Yellow, bg: Reset, underline: Reset, modifier: NONE,
        x: 21, y: 10, fg: White, bg: Reset, underline: Reset, modifier: NONE,
        x: 72, y: 10, fg: DarkGray, bg: Reset, underline: Reset, modifier: NONE,
        x: 0, y: 11, fg: Reset, bg: Reset, underline: Reset, modifier: NONE,
        x: 1, y: 11, fg: DarkGray, bg: Reset, underline: Reset, modifier: NONE,
        x: 8, y: 11, fg: White, bg: Reset, underline: Reset, modifier: NONE,
        x: 72, y: 11, fg: DarkGray, bg: Reset, underline: Reset, modifier: NONE,
        x: 0, y: 12, fg: Reset, bg: Reset, underline: Reset, modifier: NONE,
        x: 1, y: 12, fg: DarkGray, bg: Reset, underline: Reset, modifier: NONE,
        x: 8, y: 12, fg: White, bg: Reset, underline: Reset, modifier: NONE,
        x: 9, y: 12, fg: Cyan, bg: Reset, underline: Reset, modifier: BOLD,
        x: 22, y: 12, fg: White, bg: Reset, underline: Reset, modifier: NONE,
        x: 72, y: 12, fg: DarkGray, bg: Reset, underline: Reset, modifier: NONE,
        x: 0, y: 13, fg: Reset, bg: Reset, underline: Reset, modifier: NONE,
        x: 1, y: 13, fg: DarkGray, bg: Reset, underline: Reset, modifier: NONE,
        x: 8, y: 13, fg: White, bg: Reset, underline: Reset, modifier: NONE,
        x: 72, y: 13, fg: DarkGray, bg: Reset, underline: Reset, modifier: NONE,
        x: 0, y: 14, fg: Reset, bg: Reset, underline: Reset, modifier: NONE,
        x: 1, y: 14, fg: DarkGray, bg: Reset, underline: Reset, modifier: NONE,
        x: 8, y: 14, fg: White, bg: Reset, underline: Reset, modifier: NONE,
        x: 9, y: 14, fg: Yellow, bg: Reset, underline: Reset, modifier: NONE,
        x: 21, y: 14, fg: White, bg: Reset, underline: Reset, modifier: NONE,
        x: 72, y: 14, fg: DarkGray, bg: Reset, underline: Reset, modifier: NONE,
        x: 0, y: 15, fg: Reset, bg: Reset, underline: Reset, modifier: NONE,
        x: 1, y: 15, fg: DarkGray, bg: Reset, underline: Reset, modifier: NONE,
        x: 8, y: 15, fg: White, bg: Reset, underline: Reset, modifier: NONE,
        x: 9, y: 15, fg: Yellow, bg: Reset, underline: Reset, modifier: NONE,
        x: 21, y: 15, fg: White, bg: Reset, underline: Reset, modifier: NONE,
        x: 72, y: 15, fg: DarkGray, bg: Reset, underline: Reset, modifier: NONE,
        x: 0, y: 16, fg: Reset, bg: Reset, underline: Reset, modifier: NONE,
        x: 1, y: 16, fg: DarkGray, bg: Reset, underline: Reset, modifier: NONE,
        x: 8, y: 16, fg: White, bg: Reset, underline: Reset, modifier: NONE,
        x: 72, y: 16, fg: DarkGray, bg: Reset, underline: Reset, modifier: NONE,
        x: 0, y: 17, fg: Reset, bg: Reset, underline: Reset, modifier: NONE,
        x: 1, y: 17, fg: DarkGray, bg: Reset, underline: Reset, modifier: NONE,
        x: 8, y: 17, fg: White, bg: Reset, underline: Reset, modifier: NONE,
        x: 9, y: 17, fg: Cyan, bg: Reset, underline: Reset, modifier: BOLD,
        x: 25, y: 17, fg: White, bg: Reset, underline: Reset, modifier: NONE,
        x: 72, y: 17, fg: DarkGray, bg: Reset, underline: Reset, modifier: NONE,
        x: 0, y: 18, fg: Reset, bg: Reset, underline: Reset, modifier: NONE,
        x: 1, y: 18, fg: DarkGray, bg: Reset, underline: Reset, modifier: NONE,
        x: 8, y: 18, fg: White, bg: Reset, underline: Reset, modifier: NONE,
        x: 72, y: 18, fg: DarkGray, bg: Reset, underline: Reset, modifier: NONE,
        x: 0, y: 19, fg: Reset, bg: Reset, underline: Reset, modifier: NONE,
        x: 1, y: 19, fg: DarkGray, bg: Reset, underline: Reset, modifier: NONE,
        x: 8, y: 19, fg: White, bg: Reset, underline: Reset, modifier: NONE,
        x: 9, y: 19, fg: Yellow, bg: Reset, underline: Reset, modifier: NONE,
        x: 21, y: 19, fg: White, bg: Reset, underline: Reset, modifier: NONE,
        x: 72, y: 19, fg: DarkGray, bg: Reset, underline: Reset, modifier: NONE,
        x: 0, y: 20, fg: Reset, bg: Reset, underline: Reset, modifier: NONE,
        x: 1, y: 20, fg: DarkGray, bg: Reset, underline: Reset, modifier: NONE,
        x: 8, y: 20, fg: White, bg: Reset, underline: Reset, modifier: NONE,
        x: 9, y: 20, fg: Yellow, bg: Reset, underline: Reset, modifier: NONE,
        x: 21, y: 20, fg: White, bg: Reset, underline: Reset, modifier: NONE,
        x: 72, y: 20, fg: DarkGray, bg: Reset, underline: Reset, modifier: NONE,
        x: 0, y: 21, fg: Reset, bg: Reset, underline: Reset, modifier: NONE,
        x: 1, y: 21, fg: DarkGray, bg: Reset, underline: Reset, modifier: NONE,
        x: 8, y: 21, fg: White, bg: Reset, underline: Reset, modifier: NONE,
        x: 72, y: 21, fg: DarkGray, bg: Reset, underline: Reset, modifier: NONE,
        x: 0, y: 22, fg: Reset, bg: Reset, underline: Reset, modifier: NONE,
        x: 1, y: 22, fg: DarkGray, bg: Reset, underline: Reset, modifier: NONE,
        x: 11, y: 22, fg: Reset, bg: Reset, underline: Reset, modifier: NONE,
        x: 12, y: 22, fg: DarkGray, bg: Reset, underline: Reset, modifier: NONE,
        x: 0, y: 23, fg: Reset, bg: Reset, underline: Reset, modifier: NONE,
        x: 12, y: 23, fg: DarkGray, bg: Reset, underline: Reset, modifier: NONE,
    ]
}
